
> seoulteacher@0.1.0 build
> next build

??Next.js 16.1.6 (Turbopack)
- Environments: .env

  Creating an optimized production build ...
node.exe : 
위치 줄:1 문자:1
+ & "C:\Program Files\n
odejs/node.exe" "C:\Pro
gram Files\nodejs/node_
mo ...
+ ~~~~~~~~~~~~~~~~~~~~~
~~~~~~~~~~~~~~~~~~~~~~~
~~~~~~~~~~~~~~~~~~~~~~~
~~
    + CategoryInfo     
         : NotSpecifi  
  ed: (:String) [],    
 RemoteException
    + FullyQualifiedEr 
   rorId : NativeComm  
  andError
 
-----
[1m[31mFATAL[39m[0m
: An unexpected Turbopa
ck error occurred. A pa
nic log has been writte
n to C:\Users\a\AppData
\Local\Temp\next-panic-
f22ca49e0914a1c042410f8
cf3ab7998.log.

To help make Turbopack 
better, report this err
or by ]8;;https://gith
ub.com/vercel/next.js/d
iscussions/new?category
=turbopack-error-report
&title=Turbopack%20Erro
r%3A%20failed%20to%20cr
eate%20junction%20point
%20to%20..%2F..%2F..%2F
node_modules%2F%40prism
a%2Fclient&body=Turbopa
ck%20version%3A%20%6023
c46498%60%0ANext.js%20v
ersion%3A%20%600.0.0%60
%0A%0AError%20message%3
A%0A%60%60%60%0Afailed%
20to%20create%20junctio
n%20point%20to%20..%2F.
.%2F..%2Fnode_modules%2
F%40prisma%2Fclient%0A%
0ACaused%20by%3A%0A-%20
%EC%9E%98%EB%AA%BB%EB%9
0%9C%20%EA%B8%B0%EB%8A%
A5%EC%9E%85%EB%8B%88%EB
%8B%A4.%20%28os%20error
%201%29%0A%60%60%60&lab
els=Turbopack,Turbopack
%20Panic%20Backtrace\c
licking here.]8;;\
-----


> Build error occurred
Error [TurbopackInterna
lError]: failed to crea
te junction point to ..
/../../node_modules/@pr
isma/client

Caused by:
- ?섎せ??湲곕뒫?낅땲?? (os err
or 1)
    at ignore-listed fr
ames {
  type: 'TurbopackInter
nalError',
  location: undefined
}
